---
# Source: provisioner/templates/provisioner.yaml
apiVersion: v1
kind: ConfigMap
metadata:
  name: local-provisioner-config
  namespace: default
data:
  minResyncPeriod: "1h"
  storageClassMap: |
    local-storage:
       hostDir: /mnt/disks
       mountDir: /mnt/disks
       blockCleanerCommand:
         - "/scripts/quick_reset.sh"
---
apiVersion: extensions/v1beta1
kind: DaemonSet
metadata:
  name: local-volume-provisioner
  namespace: default
  labels:
    app: local-volume-provisioner
spec:
  selector:
    matchLabels:
      app: local-volume-provisioner
  template:
    metadata:
      labels:
        app: local-volume-provisioner
    spec:
      serviceAccountName: local-storage-admin
      containers:
        - image: "quay.io/external_storage/local-volume-provisioner:v2.1.0"
          name: provisioner
          securityContext:
            privileged: true
          env:
          - name: MY_NODE_NAME
            valueFrom:
              fieldRef:
                fieldPath: spec.nodeName
          - name: MY_NAMESPACE
            valueFrom:
              fieldRef:
                fieldPath: metadata.namespace
          - name: JOB_CONTAINER_IMAGE
            value: "quay.io/external_storage/local-volume-provisioner:v2.1.0"
          volumeMounts:
            - mountPath: /etc/provisioner/config
              name: provisioner-config
              readOnly: true
            - mountPath: /dev
              name: provisioner-dev
            - mountPath: /mnt/disks
              name: local-storage
              mountPropagation: "HostToContainer"
      volumes:
        - name: provisioner-config
          configMap:
            name: local-provisioner-config
        - name: provisioner-dev
          hostPath:
            path: /dev
        - name: local-storage
          hostPath:
            path: /mnt/disks
---
apiVersion: storage.k8s.io/v1
kind: StorageClass
metadata:
  name: local-storage
provisioner: kubernetes.io/no-provisioner
volumeBindingMode: WaitForFirstConsumer
reclaimPolicy: Delete

---
# Source: provisioner/templates/provisioner-service-account.yaml

apiVersion: v1
kind: ServiceAccount
metadata:
  name: local-storage-admin
  namespace: default

---
# Source: provisioner/templates/provisioner-cluster-role-binding.yaml

apiVersion: rbac.authorization.k8s.io/v1
kind: ClusterRoleBinding
metadata:
  name: local-storage-provisioner-pv-binding
  namespace: default
subjects:
- kind: ServiceAccount
  name: local-storage-admin
  namespace: default
roleRef:
  kind: ClusterRole
  name: system:persistent-volume-provisioner
  apiGroup: rbac.authorization.k8s.io
---
apiVersion: rbac.authorization.k8s.io/v1
kind: ClusterRole
metadata:
  name: local-storage-provisioner-node-clusterrole
  namespace: default
rules:
- apiGroups: [""]
  resources: ["nodes"]
  verbs: ["get"]
---
apiVersion: rbac.authorization.k8s.io/v1
kind: ClusterRoleBinding
metadata:
  name: local-storage-provisioner-node-binding
  namespace: default
subjects:
- kind: ServiceAccount
  name: local-storage-admin
  namespace: default
roleRef:
  kind: ClusterRole
  name: local-storage-provisioner-node-clusterrole
  apiGroup: rbac.authorization.k8s.io

